[2026-01-10 21:53:50] ============================================================
[2026-01-10 21:53:50] === 左侧任务栏启动 ===
[2026-01-10 21:53:50] AppBar注册宽度: 120px
[2026-01-10 21:53:50] UI初始宽度: 80px
[2026-01-10 21:53:50] ============================================================
[2026-01-10 21:53:50] 设置窗口FixedWidth: 80px
[2026-01-10 21:53:50] AppBar注册成功
[2026-01-10 21:53:51] ============================================================
[2026-01-10 21:53:51] 【显示事件】
[2026-01-10 21:53:51] 窗口geometry: PySide6.QtCore.QRect(0, 0, 86, 912)
[2026-01-10 21:53:51] 窗口width(): 86
[2026-01-10 21:53:51] UI_WIDTH变量: 80
[2026-01-10 21:53:51] ============================================================
[2026-01-10 21:53:57] 用户调整UI宽度: 80px -> 70px
[2026-01-10 21:53:57] 新宽度已应用，窗口width(): 76
[2026-01-10 21:53:58] 用户调整UI宽度: 70px -> 110px
[2026-01-10 21:53:58] 新宽度已应用，窗口width(): 116
[2026-01-10 21:54:00] 用户调整UI宽度: 110px -> 60px
[2026-01-10 21:54:00] 新宽度已应用，窗口width(): 66
[2026-01-10 21:54:04] 用户调整UI宽度: 60px -> 60px
[2026-01-10 21:54:04] 新宽度已应用，窗口width(): 66
[2026-01-10 21:54:53] 打开终端
[2026-01-10 21:54:54] 打开文件管理器
[2026-01-10 21:54:57] 打开终端
[2026-01-10 21:55:01] 用户调整UI宽度: 60px -> 60px
[2026-01-10 21:55:01] 新宽度已应用，窗口width(): 66
[2026-01-10 21:55:03] 用户调整UI宽度: 60px -> 120px
[2026-01-10 21:55:03] 新宽度已应用，窗口width(): 126
[2026-01-10 21:55:04] 用户调整UI宽度: 120px -> 110px
[2026-01-10 21:55:04] 新宽度已应用，窗口width(): 116
[2026-01-10 21:55:05] 用户调整UI宽度: 110px -> 60px
[2026-01-10 21:55:05] 新宽度已应用，窗口width(): 66
